#-----------------------------------------------------------
# Vivado v2024.1 (64-bit)
# SW Build 5076996 on Wed May 22 18:37:14 MDT 2024
# IP Build 5075265 on Wed May 22 21:45:21 MDT 2024
# SharedData Build 5076995 on Wed May 22 18:29:18 MDT 2024
# Start of session at: Wed Mar  5 13:32:55 2025
# Process ID: 11804
# Current directory: E:/FPGA/FPGA.runs/synth_1
# Command line: vivado.exe -log ascon.vds -product Vivado -mode batch -messageDb vivado.pb -notrace -source ascon.tcl
# Log file: E:/FPGA/FPGA.runs/synth_1/ascon.vds
# Journal file: E:/FPGA/FPGA.runs/synth_1\vivado.jou
# Running On        :GCP-E105-14
# Platform          :Windows Server 2016 or Windows 10
# Operating System  :19045
# Processor Detail  :Intel(R) Core(TM) i5-10500 CPU @ 3.10GHz
# CPU Frequency     :3096 MHz
# CPU Physical cores:6
# CPU Logical cores :12
# Host memory       :16474 MB
# Swap memory       :16642 MB
# Total Virtual     :33117 MB
# Available Virtual :26647 MB
#-----------------------------------------------------------
source ascon.tcl -notrace
